c:\users\crims\onedrive\documents\github\minibliss\keepak_bliss_nowaitforfold\temp\includes\actuators\adhesivecontrol\variablesvar.h	C:\Users\Crims\OneDrive\Documents\GitHub\MiniBliss\KeePak_Bliss_NoWaitForFold\Logical\Libraries\Constants\Constants.var global
c:\users\crims\onedrive\desktop\programs\keepak_bliss_nowaitforfold\temp\includes\types.h	C:\Users\Crims\OneDrive\Desktop\Programs\KeePak_Bliss_NoWaitForFold\Logical\Libraries\Constants\Constants.var global
c:\users\crims\onedrive\desktop\programs\keepak_bliss_nowaitforfold\temp\includes\gluepatt.h	C:\Users\Crims\OneDrive\Desktop\Programs\KeePak_Bliss_NoWaitForFold\Logical\Libraries\Constants\Constants.var global
c:\users\crims\onedrive\documents\github\minibliss\keepak_bliss_nowaitforfold\temp\includes\types.h	C:\Users\Crims\OneDrive\Documents\GitHub\MiniBliss\KeePak_Bliss_NoWaitForFold\Logical\Libraries\Constants\Constants.var global
c:\users\crims\onedrive\desktop\programs\keepak_bliss_nowaitforfold\temp\includes\actuators\adhesivecontrol\variablesvar.h	C:\Users\Crims\OneDrive\Desktop\Programs\KeePak_Bliss_NoWaitForFold\Logical\Libraries\Constants\Constants.var global
c:\users\crims\onedrive\documents\github\minibliss\keepak_bliss_nowaitforfold\temp\includes\gluepatt.h	C:\Users\Crims\OneDrive\Documents\GitHub\MiniBliss\KeePak_Bliss_NoWaitForFold\Logical\Libraries\Constants\Constants.var global
